./data/portfolio_A/Orca_paper.pdf loaded.
./data/portfolio_A/Orca_paper.pdf loading error: 
partition_pdf() is not available because one or more dependencies are not installed. Use: pip install "unstructured[pdf]" (including quotes) to install the required dependencies
./data/portfolio_A/Orca_paper.pdf loaded.
./data/portfolio_A/Orca_paper.pdf loading error: 
partition_pdf() is not available because one or more dependencies are not installed. Use: pip install "unstructured[pdf]" (including quotes) to install the required dependencies
./data/portfolio_A/Orca_paper.pdf loaded.
./data/portfolio_A/Orca_paper.pdf loaded.
./data/portfolio_A/Orca_paper.pdf loaded.
./data/portfolio_B/Orca_paper.pdf loaded.
data/portfolio_A/Orca_paper.pdf loaded.
/Users/thealteredmg/kDrive_altered/Studium_UZH/c_CURRENT/AIL_25/deliverable/dispute-machine/data/portfolio_A/Orca_paper.pdf loaded.
/Users/thealteredmg/kDrive_altered/Studium_UZH/c_CURRENT/AIL_25/deliverable/dispute-machine/data/portfolio_B/Orca_paper.pdf loaded.
/Users/thealteredmg/kDrive_altered/Studium_UZH/c_CURRENT/AIL_25/deliverable/dispute-machine/data/portfolio_A/Orca_paper.pdf loaded.
/Users/thealteredmg/kDrive_altered/Studium_UZH/c_CURRENT/AIL_25/deliverable/dispute-machine/data/portfolio_A/Orca_paper.pdf loaded.
/Users/thealteredmg/kDrive_altered/Studium_UZH/c_CURRENT/AIL_25/deliverable/dispute-machine/data/portfolio_A/Orca_paper.pdf loaded.
/Users/thealteredmg/kDrive_altered/Studium_UZH/c_CURRENT/AIL_25/deliverable/dispute-machine/data/portfolio_A/Orca_paper.pdf loaded.
/Users/thealteredmg/kDrive_altered/Studium_UZH/c_CURRENT/AIL_25/deliverable/dispute-machine/data/portfolio_A/Orca_paper.pdf loaded.
/Users/thealteredmg/kDrive_altered/Studium_UZH/c_CURRENT/AIL_25/deliverable/dispute-machine/data/portfolio_A/Orca_paper.pdf loaded.
/Users/thealteredmg/kDrive_altered/Studium_UZH/c_CURRENT/AIL_25/deliverable/dispute-machine/data/portfolio_B/Orca_paper.pdf loaded.
/Users/thealteredmg/kDrive_altered/Studium_UZH/c_CURRENT/AIL_25/deliverable/dispute-machine/data/portfolio_A/Orca_paper.pdf loaded.
/Users/thealteredmg/kDrive_altered/Studium_UZH/c_CURRENT/AIL_25/deliverable/dispute-machine/data/portfolio_B/Orca_paper.pdf loaded.
/Users/thealteredmg/kDrive_altered/Studium_UZH/c_CURRENT/AIL_25/deliverable/dispute-machine/data/portfolio_A/Orca_paper.pdf loaded.
/Users/thealteredmg/kDrive_altered/Studium_UZH/c_CURRENT/AIL_25/deliverable/dispute-machine/data/portfolio_B/Orca_paper.pdf loaded.
